Microsoft Windows []
(c) Microsoft Corporation. All rights reserved.

C:\Users\sabar>cd..

C:\Users>cd..

C:\>md mygithubprojects

C:\>cd mygithubprojects

C:\mygithubprojects> git config --global user.name "sabarivelans"

C:\mygithubprojects> git config --global user.email "sabarivelans.22ece@kongu.edu"

C:\mygithubprojects> git init
Initialized empty Git repository in C:/mygithubprojects/.git/

C:\mygithubprojects>git add index.html

C:\mygithubprojects>git add --all

C:\mygithubprojects>git add -A

C:\mygithubprojects>git commit -m "I am added index.html for testing"
[master (root-commit) facf438] I am added index.html for testing
 1 file changed, 10 insertions(+)
 create mode 100644 index.html

C:\mygithubprojects>git commit -a -m "I am added"
On branch master
nothing to commit, working tree clean

C:\mygithubprojects>git commit -a -m "I am added some lines"
[master f29b544] I am added some lines
 1 file changed, 2 insertions(+)

C:\mygithubprojects>git status
On branch master
nothing to commit, working tree clean

C:\mygithubprojects>git status --short

C:\mygithubprojects>git log
commit f29b54419e211988ff9af27741de6d656c9e8429 (HEAD -> master)
Author: sabarivelans <sabarivelans.22ece@kongu.edu>
Date:   Sun Nov 5 14:34:13 2023 +0530

    I am added some lines

commit facf438a35146049b04fb0f7e2564d4ac9f9b935
Author: sabarivelans <sabarivelans.22ece@kongu.edu>
Date:   Sun Nov 5 14:28:51 2023 +0530

    I am added index.html for testing

C:\mygithubprojects>git log --oneline
f29b544 (HEAD -> master) I am added some lines
facf438 I am added index.html for testing

C:\mygithubprojects>git help --all
See 'git help <command>' to read about a specific subcommand

Main Porcelain Commands
   add                     Add file contents to the index
   am                      Apply a series of patches from a mailbox
   archive                 Create an archive of files from a named tree
   bisect                  Use binary search to find the commit that introduced a bug
   branch                  List, create, or delete branches
   bundle                  Move objects and refs by archive
   checkout                Switch branches or restore working tree files
   cherry-pick             Apply the changes introduced by some existing commits
   citool                  Graphical alternative to git-commit
   clean                   Remove untracked files from the working tree
   clone                   Clone a repository into a new directory
   commit                  Record changes to the repository
   describe                Give an object a human readable name based on an available ref
   diff                    Show changes between commits, commit and working tree, etc
   fetch                   Download objects and refs from another repository
   format-patch            Prepare patches for e-mail submission
   gc                      Cleanup unnecessary files and optimize the local repository
   gitk                    The Git repository browser
   grep                    Print lines matching a pattern
   gui                     A portable graphical interface to Git
   init                    Create an empty Git repository or reinitialize an existing one
   log                     Show commit logs
   maintenance             Run tasks to optimize Git repository data
   merge                   Join two or more development histories together
   mv                      Move or rename a file, a directory, or a symlink
   notes                   Add or inspect object notes
   pull                    Fetch from and integrate with another repository or a local branch
   push                    Update remote refs along with associated objects
   range-diff              Compare two commit ranges (e.g. two versions of a branch)
   rebase                  Reapply commits on top of another base tip
   reset                   Reset current HEAD to the specified state
   restore                 Restore working tree files
   revert                  Revert some existing commits
   rm                      Remove files from the working tree and from the index
   scalar                  A tool for managing large Git repositories
   shortlog                Summarize 'git log' output
   show                    Show various types of objects
   sparse-checkout         Reduce your working tree to a subset of tracked files
   stash                   Stash the changes in a dirty working directory away
   status                  Show the working tree status
   submodule               Initialize, update or inspect submodules
   switch                  Switch branches
   tag                     Create, list, delete or verify a tag object signed with GPG
   worktree                Manage multiple working trees

C:\mygithubprojects>git branch 1stbranch

C:\mygithubprojects>git branch
  1stbranch
* master

C:\mygithubprojects>git branch 2ndbranch

C:\mygithubprojects>git branch
  1stbranch
  2ndbranch
* master

C:\mygithubprojects>git branch 3rdbranch

C:\mygithubprojects>git branch
  1stbranch
  2ndbranch
  3rdbranch
* master

C:\mygithubprojects> git checkout 1stbranch
Switched to branch '1stbranch'

C:\mygithubprojects> git checkout -b 4thbranch
Switched to a new branch '4thbranch'

C:\mygithubprojects>git branch
  1stbranch
  2ndbranch
  3rdbranch
* 4thbranch
  master

C:\mygithubprojects> git checkout 1stbranch
Switched to branch '1stbranch'

C:\mygithubprojects>git branch
* 1stbranch
  2ndbranch
  3rdbranch
  4thbranch
  master

C:\mygithubprojects>git branch -d 4thbranch
Deleted branch 4thbranch (was f29b544).

C:\mygithubprojects>git branch
* 1stbranch
  2ndbranch
  3rdbranch
  master

C:\mygithubprojects>